
> proyecto-arca@2.0.0 tauri:dev
> tauri dev

     Running BeforeDevCommand (`npm run dev`)

> proyecto-arca@2.0.0 dev
> vite


  VITE v7.2.6  ready in 116 ms

  ➜  Local:   http://localhost:1420/
  ➜  Network: http://192.168.0.186:1420/
  ➜  Network: http://172.16.175.1:1420/
  ➜  Network: http://172.16.51.1:1420/
[baseline-browser-mapping] The data in this module is over two months old.  To ensure accurate Baseline data, please update: `npm i baseline-browser-mapping@latest -D`
     Running DevCommand (`cargo  run --no-default-features --color always --`)
        Info Watching /home/stward/Documentos/Proyectos/Proyecto_ARCA/frontend/src-tauri for changes...
[0m[1m[33mwarning[0m[0m[1m: unused variable: `has_data`[0m
[0m   [0m[0m[1m[38;5;12m--> [0m[0msrc/json_handler.rs:961:9[0m
[0m    [0m[0m[1m[38;5;12m|[0m
[0m[1m[38;5;12m961[0m[0m [0m[0m[1m[38;5;12m|[0m[0m [0m[0m    let has_data = !dates.is_empty();[0m
[0m    [0m[0m[1m[38;5;12m|[0m[0m         [0m[0m[1m[33m^^^^^^^^[0m[0m [0m[0m[1m[33mhelp: if this is intentional, prefix it with an underscore: `_has_data`[0m
[0m    [0m[0m[1m[38;5;12m|[0m
[0m    [0m[0m[1m[38;5;12m= [0m[0m[1mnote[0m[0m: `#[warn(unused_variables)]` (part of `#[warn(unused)]`) on by default[0m

[0m[1m[33mwarning[0m[0m[1m: constant `SYNOP_TO_FRONTEND` is never used[0m
[0m   [0m[0m[1m[38;5;12m--> [0m[0msrc/json_handler.rs:187:7[0m
[0m    [0m[0m[1m[38;5;12m|[0m
[0m[1m[38;5;12m187[0m[0m [0m[0m[1m[38;5;12m|[0m[0m [0m[0mconst SYNOP_TO_FRONTEND: &[(&str, &str)] = &[[0m
[0m    [0m[0m[1m[38;5;12m|[0m[0m       [0m[0m[1m[33m^^^^^^^^^^^^^^^^^[0m
[0m    [0m[0m[1m[38;5;12m|[0m
[0m    [0m[0m[1m[38;5;12m= [0m[0m[1mnote[0m[0m: `#[warn(dead_code)]` (part of `#[warn(unused)]`) on by default[0m

[1m[33mwarning[0m: `app` (lib) generated 2 warnings
[1m[92m    Finished[0m ]8;;https://doc.rust-lang.org/cargo/reference/profiles.html#default-profiles\`dev` profile [unoptimized + debuginfo]]8;;\ target(s) in 0.21s
[1m[92m     Running[0m `target/debug/app`
